------------------------------------------------------------
Timing Analyzer Summary
------------------------------------------------------------

Type  : Slow 1100mV 85C Model Setup 'KEY[0]'
Slack : -13.290
TNS   : -25242.703

Type  : Slow 1100mV 85C Model Hold 'KEY[0]'
Slack : 1.089
TNS   : 0.000

Type  : Slow 1100mV 85C Model Minimum Pulse Width 'KEY[0]'
Slack : -0.538
TNS   : -2495.818

Type  : Slow 1100mV 0C Model Setup 'KEY[0]'
Slack : -13.083
TNS   : -24699.861

Type  : Slow 1100mV 0C Model Hold 'KEY[0]'
Slack : 1.090
TNS   : 0.000

Type  : Slow 1100mV 0C Model Minimum Pulse Width 'KEY[0]'
Slack : -0.538
TNS   : -2346.314

Type  : Fast 1100mV 85C Model Setup 'KEY[0]'
Slack : -6.439
TNS   : -11853.113

Type  : Fast 1100mV 85C Model Hold 'KEY[0]'
Slack : 0.479
TNS   : 0.000

Type  : Fast 1100mV 85C Model Minimum Pulse Width 'KEY[0]'
Slack : -0.576
TNS   : -1932.771

Type  : Fast 1100mV 0C Model Setup 'KEY[0]'
Slack : -5.697
TNS   : -10415.168

Type  : Fast 1100mV 0C Model Hold 'KEY[0]'
Slack : 0.455
TNS   : 0.000

Type  : Fast 1100mV 0C Model Minimum Pulse Width 'KEY[0]'
Slack : -0.610
TNS   : -2114.439

------------------------------------------------------------
