------------------------------------------------------------
Timing Analyzer Summary
------------------------------------------------------------

Type  : Slow 1100mV 85C Model Setup 'KEY[0]'
Slack : -8.948
TNS   : -10492.795

Type  : Slow 1100mV 85C Model Hold 'KEY[0]'
Slack : 0.323
TNS   : 0.000

Type  : Slow 1100mV 85C Model Minimum Pulse Width 'KEY[0]'
Slack : -2.636
TNS   : -3447.853

Type  : Slow 1100mV 0C Model Setup 'KEY[0]'
Slack : -9.011
TNS   : -10054.749

Type  : Slow 1100mV 0C Model Hold 'KEY[0]'
Slack : 0.307
TNS   : 0.000

Type  : Slow 1100mV 0C Model Minimum Pulse Width 'KEY[0]'
Slack : -2.636
TNS   : -3262.595

Type  : Fast 1100mV 85C Model Setup 'KEY[0]'
Slack : -3.844
TNS   : -4559.950

Type  : Fast 1100mV 85C Model Hold 'KEY[0]'
Slack : 0.162
TNS   : 0.000

Type  : Fast 1100mV 85C Model Minimum Pulse Width 'KEY[0]'
Slack : -2.174
TNS   : -2948.836

Type  : Fast 1100mV 0C Model Setup 'KEY[0]'
Slack : -3.448
TNS   : -3760.498

Type  : Fast 1100mV 0C Model Hold 'KEY[0]'
Slack : 0.149
TNS   : 0.000

Type  : Fast 1100mV 0C Model Minimum Pulse Width 'KEY[0]'
Slack : -2.174
TNS   : -2994.908

------------------------------------------------------------
