------------------------------------------------------------
Timing Analyzer Summary
------------------------------------------------------------

Type  : Slow 1100mV 85C Model Setup 'CLOCK_50'
Slack : -7.431
TNS   : -304.027

Type  : Slow 1100mV 85C Model Hold 'CLOCK_50'
Slack : 0.540
TNS   : 0.000

Type  : Slow 1100mV 85C Model Recovery 'KEY[0]'
Slack : -3.357
TNS   : -6.711

Type  : Slow 1100mV 85C Model Removal 'KEY[0]'
Slack : 1.182
TNS   : 0.000

Type  : Slow 1100mV 85C Model Minimum Pulse Width 'CLOCK_50'
Slack : -0.538
TNS   : -61.830

Type  : Slow 1100mV 85C Model Minimum Pulse Width 'KEY[0]'
Slack : -0.538
TNS   : -2.136

Type  : Slow 1100mV 0C Model Setup 'CLOCK_50'
Slack : -7.595
TNS   : -294.374

Type  : Slow 1100mV 0C Model Hold 'CLOCK_50'
Slack : 0.570
TNS   : 0.000

Type  : Slow 1100mV 0C Model Recovery 'KEY[0]'
Slack : -3.573
TNS   : -7.143

Type  : Slow 1100mV 0C Model Removal 'KEY[0]'
Slack : 1.191
TNS   : 0.000

Type  : Slow 1100mV 0C Model Minimum Pulse Width 'CLOCK_50'
Slack : -0.538
TNS   : -54.711

Type  : Slow 1100mV 0C Model Minimum Pulse Width 'KEY[0]'
Slack : -0.538
TNS   : -2.198

Type  : Fast 1100mV 85C Model Setup 'CLOCK_50'
Slack : -3.416
TNS   : -128.200

Type  : Fast 1100mV 85C Model Hold 'CLOCK_50'
Slack : 0.201
TNS   : 0.000

Type  : Fast 1100mV 85C Model Recovery 'KEY[0]'
Slack : -1.248
TNS   : -2.495

Type  : Fast 1100mV 85C Model Removal 'KEY[0]'
Slack : 0.213
TNS   : 0.000

Type  : Fast 1100mV 85C Model Minimum Pulse Width 'KEY[0]'
Slack : -0.531
TNS   : -2.362

Type  : Fast 1100mV 85C Model Minimum Pulse Width 'CLOCK_50'
Slack : -0.409
TNS   : -32.438

Type  : Fast 1100mV 0C Model Setup 'CLOCK_50'
Slack : -3.168
TNS   : -109.266

Type  : Fast 1100mV 0C Model Hold 'CLOCK_50'
Slack : 0.192
TNS   : 0.000

Type  : Fast 1100mV 0C Model Recovery 'KEY[0]'
Slack : -1.051
TNS   : -2.101

Type  : Fast 1100mV 0C Model Removal 'KEY[0]'
Slack : 0.187
TNS   : 0.000

Type  : Fast 1100mV 0C Model Minimum Pulse Width 'KEY[0]'
Slack : -0.578
TNS   : -2.646

Type  : Fast 1100mV 0C Model Minimum Pulse Width 'CLOCK_50'
Slack : -0.446
TNS   : -38.604

------------------------------------------------------------
