------------------------------------------------------------
Timing Analyzer Summary
------------------------------------------------------------

Type  : Slow 1100mV 85C Model Setup 'KEY[0]'
Slack : -3.289
TNS   : -163.429

Type  : Slow 1100mV 85C Model Setup 'CLOCK_50'
Slack : -2.987
TNS   : -2.987

Type  : Slow 1100mV 85C Model Hold 'KEY[0]'
Slack : 0.258
TNS   : 0.000

Type  : Slow 1100mV 85C Model Hold 'CLOCK_50'
Slack : 0.732
TNS   : 0.000

Type  : Slow 1100mV 85C Model Minimum Pulse Width 'CLOCK_50'
Slack : -0.730
TNS   : -1.268

Type  : Slow 1100mV 85C Model Minimum Pulse Width 'KEY[0]'
Slack : -0.538
TNS   : -60.692

Type  : Slow 1100mV 0C Model Setup 'KEY[0]'
Slack : -3.399
TNS   : -164.443

Type  : Slow 1100mV 0C Model Setup 'CLOCK_50'
Slack : -2.939
TNS   : -2.939

Type  : Slow 1100mV 0C Model Hold 'KEY[0]'
Slack : 0.277
TNS   : 0.000

Type  : Slow 1100mV 0C Model Hold 'CLOCK_50'
Slack : 0.599
TNS   : 0.000

Type  : Slow 1100mV 0C Model Minimum Pulse Width 'CLOCK_50'
Slack : -0.724
TNS   : -1.275

Type  : Slow 1100mV 0C Model Minimum Pulse Width 'KEY[0]'
Slack : -0.600
TNS   : -66.721

Type  : Fast 1100mV 85C Model Setup 'CLOCK_50'
Slack : -2.331
TNS   : -2.331

Type  : Fast 1100mV 85C Model Setup 'KEY[0]'
Slack : -1.266
TNS   : -51.904

Type  : Fast 1100mV 85C Model Hold 'KEY[0]'
Slack : 0.072
TNS   : 0.000

Type  : Fast 1100mV 85C Model Hold 'CLOCK_50'
Slack : 0.274
TNS   : 0.000

Type  : Fast 1100mV 85C Model Minimum Pulse Width 'CLOCK_50'
Slack : -0.771
TNS   : -1.355

Type  : Fast 1100mV 85C Model Minimum Pulse Width 'KEY[0]'
Slack : -0.701
TNS   : -59.996

Type  : Fast 1100mV 0C Model Setup 'CLOCK_50'
Slack : -2.195
TNS   : -2.195

Type  : Fast 1100mV 0C Model Setup 'KEY[0]'
Slack : -1.118
TNS   : -44.797

Type  : Fast 1100mV 0C Model Hold 'KEY[0]'
Slack : 0.064
TNS   : 0.000

Type  : Fast 1100mV 0C Model Hold 'CLOCK_50'
Slack : 0.173
TNS   : 0.000

Type  : Fast 1100mV 0C Model Minimum Pulse Width 'CLOCK_50'
Slack : -0.766
TNS   : -1.403

Type  : Fast 1100mV 0C Model Minimum Pulse Width 'KEY[0]'
Slack : -0.740
TNS   : -65.588

------------------------------------------------------------
