------------------------------------------------------------
Timing Analyzer Summary
------------------------------------------------------------

Type  : Slow 1100mV 85C Model Setup 'CLOCK_50'
Slack : -11.115
TNS   : -5105.021

Type  : Slow 1100mV 85C Model Hold 'CLOCK_50'
Slack : 0.441
TNS   : 0.000

Type  : Slow 1100mV 85C Model Recovery 'KEY[0]'
Slack : -4.814
TNS   : -4.814

Type  : Slow 1100mV 85C Model Recovery 'KEY[1]'
Slack : -4.797
TNS   : -4.797

Type  : Slow 1100mV 85C Model Recovery 'KEY[2]'
Slack : -4.737
TNS   : -4.737

Type  : Slow 1100mV 85C Model Recovery 'KEY[3]'
Slack : -4.717
TNS   : -4.717

Type  : Slow 1100mV 85C Model Recovery 'FPGA_RESET_N'
Slack : -4.333
TNS   : -4.333

Type  : Slow 1100mV 85C Model Recovery 'SW[9]'
Slack : -4.146
TNS   : -4.146

Type  : Slow 1100mV 85C Model Removal 'FPGA_RESET_N'
Slack : 1.311
TNS   : 0.000

Type  : Slow 1100mV 85C Model Removal 'SW[9]'
Slack : 1.312
TNS   : 0.000

Type  : Slow 1100mV 85C Model Removal 'KEY[2]'
Slack : 1.425
TNS   : 0.000

Type  : Slow 1100mV 85C Model Removal 'KEY[3]'
Slack : 1.609
TNS   : 0.000

Type  : Slow 1100mV 85C Model Removal 'KEY[1]'
Slack : 1.616
TNS   : 0.000

Type  : Slow 1100mV 85C Model Removal 'KEY[0]'
Slack : 1.734
TNS   : 0.000

Type  : Slow 1100mV 85C Model Minimum Pulse Width 'SW[9]'
Slack : -0.711
TNS   : -1.249

Type  : Slow 1100mV 85C Model Minimum Pulse Width 'CLOCK_50'
Slack : -0.538
TNS   : -619.200

Type  : Slow 1100mV 85C Model Minimum Pulse Width 'KEY[2]'
Slack : -0.538
TNS   : -0.933

Type  : Slow 1100mV 85C Model Minimum Pulse Width 'KEY[0]'
Slack : -0.538
TNS   : -0.878

Type  : Slow 1100mV 85C Model Minimum Pulse Width 'KEY[3]'
Slack : -0.538
TNS   : -0.877

Type  : Slow 1100mV 85C Model Minimum Pulse Width 'KEY[1]'
Slack : -0.538
TNS   : -0.857

Type  : Slow 1100mV 85C Model Minimum Pulse Width 'FPGA_RESET_N'
Slack : -0.538
TNS   : -0.855

Type  : Slow 1100mV 0C Model Setup 'CLOCK_50'
Slack : -11.251
TNS   : -4980.085

Type  : Slow 1100mV 0C Model Hold 'CLOCK_50'
Slack : 0.447
TNS   : 0.000

Type  : Slow 1100mV 0C Model Recovery 'KEY[1]'
Slack : -5.089
TNS   : -5.089

Type  : Slow 1100mV 0C Model Recovery 'KEY[0]'
Slack : -5.084
TNS   : -5.084

Type  : Slow 1100mV 0C Model Recovery 'KEY[3]'
Slack : -5.018
TNS   : -5.018

Type  : Slow 1100mV 0C Model Recovery 'KEY[2]'
Slack : -4.950
TNS   : -4.950

Type  : Slow 1100mV 0C Model Recovery 'FPGA_RESET_N'
Slack : -4.560
TNS   : -4.560

Type  : Slow 1100mV 0C Model Recovery 'SW[9]'
Slack : -4.391
TNS   : -4.391

Type  : Slow 1100mV 0C Model Removal 'SW[9]'
Slack : 1.393
TNS   : 0.000

Type  : Slow 1100mV 0C Model Removal 'FPGA_RESET_N'
Slack : 1.476
TNS   : 0.000

Type  : Slow 1100mV 0C Model Removal 'KEY[2]'
Slack : 1.494
TNS   : 0.000

Type  : Slow 1100mV 0C Model Removal 'KEY[3]'
Slack : 1.704
TNS   : 0.000

Type  : Slow 1100mV 0C Model Removal 'KEY[1]'
Slack : 1.727
TNS   : 0.000

Type  : Slow 1100mV 0C Model Removal 'KEY[0]'
Slack : 1.831
TNS   : 0.000

Type  : Slow 1100mV 0C Model Minimum Pulse Width 'SW[9]'
Slack : -0.785
TNS   : -1.440

Type  : Slow 1100mV 0C Model Minimum Pulse Width 'CLOCK_50'
Slack : -0.538
TNS   : -547.586

Type  : Slow 1100mV 0C Model Minimum Pulse Width 'KEY[2]'
Slack : -0.538
TNS   : -0.934

Type  : Slow 1100mV 0C Model Minimum Pulse Width 'KEY[3]'
Slack : -0.538
TNS   : -0.902

Type  : Slow 1100mV 0C Model Minimum Pulse Width 'FPGA_RESET_N'
Slack : -0.538
TNS   : -0.889

Type  : Slow 1100mV 0C Model Minimum Pulse Width 'KEY[1]'
Slack : -0.538
TNS   : -0.887

Type  : Slow 1100mV 0C Model Minimum Pulse Width 'KEY[0]'
Slack : -0.538
TNS   : -0.862

Type  : Fast 1100mV 85C Model Setup 'CLOCK_50'
Slack : -5.092
TNS   : -2360.602

Type  : Fast 1100mV 85C Model Hold 'CLOCK_50'
Slack : 0.200
TNS   : 0.000

Type  : Fast 1100mV 85C Model Recovery 'KEY[1]'
Slack : -1.967
TNS   : -1.967

Type  : Fast 1100mV 85C Model Recovery 'KEY[0]'
Slack : -1.959
TNS   : -1.959

Type  : Fast 1100mV 85C Model Recovery 'SW[9]'
Slack : -1.923
TNS   : -1.923

Type  : Fast 1100mV 85C Model Recovery 'KEY[3]'
Slack : -1.848
TNS   : -1.848

Type  : Fast 1100mV 85C Model Recovery 'KEY[2]'
Slack : -1.811
TNS   : -1.811

Type  : Fast 1100mV 85C Model Recovery 'FPGA_RESET_N'
Slack : -1.678
TNS   : -1.678

Type  : Fast 1100mV 85C Model Removal 'FPGA_RESET_N'
Slack : 0.326
TNS   : 0.000

Type  : Fast 1100mV 85C Model Removal 'KEY[2]'
Slack : 0.439
TNS   : 0.000

Type  : Fast 1100mV 85C Model Removal 'KEY[3]'
Slack : 0.514
TNS   : 0.000

Type  : Fast 1100mV 85C Model Removal 'KEY[1]'
Slack : 0.556
TNS   : 0.000

Type  : Fast 1100mV 85C Model Removal 'KEY[0]'
Slack : 0.612
TNS   : 0.000

Type  : Fast 1100mV 85C Model Removal 'SW[9]'
Slack : 0.721
TNS   : 0.000

Type  : Fast 1100mV 85C Model Minimum Pulse Width 'SW[9]'
Slack : -0.772
TNS   : -2.010

Type  : Fast 1100mV 85C Model Minimum Pulse Width 'FPGA_RESET_N'
Slack : -0.498
TNS   : -1.448

Type  : Fast 1100mV 85C Model Minimum Pulse Width 'KEY[2]'
Slack : -0.478
TNS   : -1.398

Type  : Fast 1100mV 85C Model Minimum Pulse Width 'KEY[3]'
Slack : -0.438
TNS   : -1.248

Type  : Fast 1100mV 85C Model Minimum Pulse Width 'KEY[1]'
Slack : -0.435
TNS   : -1.255

Type  : Fast 1100mV 85C Model Minimum Pulse Width 'CLOCK_50'
Slack : -0.410
TNS   : -318.550

Type  : Fast 1100mV 85C Model Minimum Pulse Width 'KEY[0]'
Slack : -0.401
TNS   : -1.140

Type  : Fast 1100mV 0C Model Setup 'CLOCK_50'
Slack : -4.606
TNS   : -2035.686

Type  : Fast 1100mV 0C Model Hold 'CLOCK_50'
Slack : 0.123
TNS   : 0.000

Type  : Fast 1100mV 0C Model Recovery 'KEY[0]'
Slack : -1.732
TNS   : -1.732

Type  : Fast 1100mV 0C Model Recovery 'SW[9]'
Slack : -1.726
TNS   : -1.726

Type  : Fast 1100mV 0C Model Recovery 'KEY[1]'
Slack : -1.711
TNS   : -1.711

Type  : Fast 1100mV 0C Model Recovery 'KEY[3]'
Slack : -1.645
TNS   : -1.645

Type  : Fast 1100mV 0C Model Recovery 'KEY[2]'
Slack : -1.601
TNS   : -1.601

Type  : Fast 1100mV 0C Model Recovery 'FPGA_RESET_N'
Slack : -1.459
TNS   : -1.459

Type  : Fast 1100mV 0C Model Removal 'FPGA_RESET_N'
Slack : 0.298
TNS   : 0.000

Type  : Fast 1100mV 0C Model Removal 'KEY[2]'
Slack : 0.383
TNS   : 0.000

Type  : Fast 1100mV 0C Model Removal 'KEY[3]'
Slack : 0.459
TNS   : 0.000

Type  : Fast 1100mV 0C Model Removal 'KEY[1]'
Slack : 0.474
TNS   : 0.000

Type  : Fast 1100mV 0C Model Removal 'KEY[0]'
Slack : 0.529
TNS   : 0.000

Type  : Fast 1100mV 0C Model Removal 'SW[9]'
Slack : 0.695
TNS   : 0.000

Type  : Fast 1100mV 0C Model Minimum Pulse Width 'SW[9]'
Slack : -0.811
TNS   : -2.248

Type  : Fast 1100mV 0C Model Minimum Pulse Width 'FPGA_RESET_N'
Slack : -0.551
TNS   : -1.695

Type  : Fast 1100mV 0C Model Minimum Pulse Width 'KEY[2]'
Slack : -0.533
TNS   : -1.630

Type  : Fast 1100mV 0C Model Minimum Pulse Width 'KEY[3]'
Slack : -0.506
TNS   : -1.521

Type  : Fast 1100mV 0C Model Minimum Pulse Width 'KEY[1]'
Slack : -0.495
TNS   : -1.503

Type  : Fast 1100mV 0C Model Minimum Pulse Width 'KEY[0]'
Slack : -0.456
TNS   : -1.386

Type  : Fast 1100mV 0C Model Minimum Pulse Width 'CLOCK_50'
Slack : -0.446
TNS   : -379.103

------------------------------------------------------------
